
 Start  Stop   Length Name               Class

 00000H 02CC0H 02CC1H _TEXT              CODE
 02CC1H 03456H 00796H TEST_TEXT          CODE
 03458H 0352DH 000D6H OS_CPU_A_TEXT      CODE
 0352EH 03703H 001D6H OS_CPU_C_TEXT      CODE
 03704H 03A80H 0037DH PC_TEXT            CODE
 03A81H 073B3H 03933H UCOS_II_TEXT       CODE
 073C0H 09B36H 02777H EMU_PROG           CODE
 09B40H 0A107H 005C8H E87_PROG           CODE
 0A110H 0A110H 00000H _FARDATA           FAR_DATA
 0A110H 0A110H 00000H _FARBSS            FAR_BSS
 0A110H 0A110H 00000H _OVERLAY_          OVRINFO
 0A110H 0A110H 00000H _1STUB_            STUBSEG
 0A110H 0AC55H 00B46H _DATA              DATA
 0AC56H 0AC59H 00004H _CVTSEG            DATA
 0AC5AH 0AC5FH 00006H _SCNSEG            DATA
 0AC60H 0AC60H 00000H _CONST             CONST
 0AC60H 0AC71H 00012H _INIT_             INITDATA
 0AC72H 0AC72H 00000H _INITEND_          INITDATA
 0AC72H 0AC77H 00006H _EXIT_             EXITDATA
 0AC78H 0AC78H 00000H _EXITEND_          EXITDATA
 0AC78H 0E1D7H 03560H _BSS               BSS
 0E1D8H 0E1D8H 00000H _BSSEND            BSSEND
 0E1E0H 0E2EFH 00110H _STACK             STACK


Detailed map of segments

 0000:0000 0295 C=CODE   S=_TEXT          G=(none)  M=c0.ASM     ACBP=28
 0000:0295 0258 C=CODE   S=_TEXT          G=(none)  M=FPINIT     ACBP=28
 0000:04ED 0000 C=CODE   S=_TEXT          G=(none)  M=E87TRAP    ACBP=28
 0000:04ED 0000 C=CODE   S=_TEXT          G=(none)  M=PROTFLAG   ACBP=28
 0000:04ED 0000 C=CODE   S=_TEXT          G=(none)  M=DEFLT87    ACBP=28
 0000:04ED 01BD C=CODE   S=_TEXT          G=(none)  M=REALCVT    ACBP=28
 0000:06AA 020C C=CODE   S=_TEXT          G=(none)  M=XCVT       ACBP=28
 0000:08B6 00B1 C=CODE   S=_TEXT          G=(none)  M=FPERR      ACBP=28
 0000:0967 00C9 C=CODE   S=_TEXT          G=(none)  M=_POW10     ACBP=28
 0000:0A30 000B C=CODE   S=_TEXT          G=(none)  M=POW10D     ACBP=28
 0000:0A3B 002D C=CODE   S=_TEXT          G=(none)  M=ATEXIT     ACBP=28
 0000:0A68 0093 C=CODE   S=_TEXT          G=(none)  M=EXIT       ACBP=28
 0000:0AFB 0000 C=CODE   S=_TEXT          G=(none)  M=FILES      ACBP=28
 0000:0AFB 0000 C=CODE   S=_TEXT          G=(none)  M=FILES2     ACBP=28
 0000:0AFB 0000 C=CODE   S=_TEXT          G=(none)  M=FPSTKLEN   ACBP=28
 0000:0AFB 0017 C=CODE   S=_TEXT          G=(none)  M=F_LXMUL    ACBP=28
 0000:0B12 0026 C=CODE   S=_TEXT          G=(none)  M=GETDATE    ACBP=28
 0000:0B38 00AE C=CODE   S=_TEXT          G=(none)  M=H_LDIV     ACBP=28
 0000:0BE6 0021 C=CODE   S=_TEXT          G=(none)  M=H_LLSH     ACBP=28
 0000:0C07 0021 C=CODE   S=_TEXT          G=(none)  M=H_LURSH    ACBP=28
 0000:0C28 0060 C=CODE   S=_TEXT          G=(none)  M=H_PADD     ACBP=28
 0000:0C88 004B C=CODE   S=_TEXT          G=(none)  M=IOERROR    ACBP=28
 0000:0CD3 0011 C=CODE   S=_TEXT          G=(none)  M=ISATTY     ACBP=28
 0000:0CE4 00A2 C=CODE   S=_TEXT          G=(none)  M=LONGTOA    ACBP=28
 0000:0D86 0029 C=CODE   S=_TEXT          G=(none)  M=LSEEK      ACBP=28
 0000:0DAF 0021 C=CODE   S=_TEXT          G=(none)  M=N_PCMP     ACBP=28
 0000:0DD0 00BA C=CODE   S=_TEXT          G=(none)  M=SETUPIO    ACBP=28
 0000:0E8A 0000 C=CODE   S=_TEXT          G=(none)  M=SIGDATA    ACBP=28
 0000:0E8A 0000 C=CODE   S=_TEXT          G=(none)  M=STKLEN     ACBP=28
 0000:0E8A 04DB C=CODE   S=_TEXT          G=(none)  M=VPRINTER   ACBP=28
 0000:1365 009F C=CODE   S=_TEXT          G=(none)  M=VRAM       ACBP=28
 0000:1404 0000 C=CODE   S=_TEXT          G=(none)  M=WSCROLL    ACBP=28
 0000:1404 014E C=CODE   S=_TEXT          G=(none)  M=CPRINTF    ACBP=28
 0000:1552 01A5 C=CODE   S=_TEXT          G=(none)  M=CRTINIT    ACBP=28
 0000:16F7 001F C=CODE   S=_TEXT          G=(none)  M=CVTFAK     ACBP=28
 0000:1716 0432 C=CODE   S=_TEXT          G=(none)  M=FARHEAP    ACBP=28
 0000:1B48 0140 C=CODE   S=_TEXT          G=(none)  M=FBRK       ACBP=28
 0000:1C88 005E C=CODE   S=_TEXT          G=(none)  M=GETCH      ACBP=28
 0000:1CE6 00AC C=CODE   S=_TEXT          G=(none)  M=GPTEXT     ACBP=28
 0000:1D92 0012 C=CODE   S=_TEXT          G=(none)  M=KBHIT      ACBP=28
 0000:1DA4 009D C=CODE   S=_TEXT          G=(none)  M=MOVETEXT   ACBP=28
 0000:1E41 0017 C=CODE   S=_TEXT          G=(none)  M=PUTCH      ACBP=28
 0000:1E58 0004 C=CODE   S=_TEXT          G=(none)  M=REALCVT    ACBP=28
 0000:1E5C 01C7 C=CODE   S=_TEXT          G=(none)  M=SCREEN     ACBP=28
 0000:2023 018E C=CODE   S=_TEXT          G=(none)  M=SCROLL     ACBP=28
 0000:21B1 001C C=CODE   S=_TEXT          G=(none)  M=SETBLOCK   ACBP=28
 0000:21CD 006A C=CODE   S=_TEXT          G=(none)  M=SETJMP     ACBP=28
 0000:2237 002C C=CODE   S=_TEXT          G=(none)  M=WHEREXY    ACBP=28
 0000:2263 00CD C=CODE   S=_TEXT          G=(none)  M=FFLUSH     ACBP=28
 0000:2330 0042 C=CODE   S=_TEXT          G=(none)  M=FLUSHALL   ACBP=28
 0000:2372 001C C=CODE   S=_TEXT          G=(none)  M=FPRINTF    ACBP=28
 0000:238E 01E2 C=CODE   S=_TEXT          G=(none)  M=FSEEK      ACBP=28
 0000:2570 0024 C=CODE   S=_TEXT          G=(none)  M=MEMCPY     ACBP=28
 0000:2594 03C8 C=CODE   S=_TEXT          G=(none)  M=PUTC       ACBP=28
 0000:295C 011D C=CODE   S=_TEXT          G=(none)  M=SETVBUF    ACBP=28
 0000:2A79 0083 C=CODE   S=_TEXT          G=(none)  M=SPRINTF    ACBP=28
 0000:2AFC 0151 C=CODE   S=_TEXT          G=(none)  M=WRITE      ACBP=28
 0000:2C4D 003C C=CODE   S=_TEXT          G=(none)  M=WRITEA     ACBP=28
 0000:2C89 0038 C=CODE   S=_TEXT          G=(none)  M=XFFLUSH    ACBP=28
 02CC:0001 0796 C=CODE   S=TEST_TEXT      G=(none)  M=test.c     ACBP=28
 0345:0008 00D6 C=CODE   S=OS_CPU_A_TEXT  G=(none)  M=\UCOS-II\Ix86L\BC31\OS_CPU_A.ASM ACBP=48
 0352:000E 01D6 C=CODE   S=OS_CPU_C_TEXT  G=(none)  M=os_cpu_c.c ACBP=28
 0370:0004 037D C=CODE   S=PC_TEXT        G=(none)  M=pc.c       ACBP=28
 03A8:0001 3933 C=CODE   S=UCOS_II_TEXT   G=(none)  M=ucos_ii.c  ACBP=28
 073C:0000 0000 C=CODE   S=EMU_PROG       G=(none)  M=FPINIT     ACBP=68
 073C:0000 2777 C=CODE   S=EMU_PROG       G=(none)  M=EMU086     ACBP=68
 09B4:0000 0000 C=CODE   S=E87_PROG       G=(none)  M=FPINIT     ACBP=68
 09B4:0000 03E3 C=CODE   S=E87_PROG       G=(none)  M=EMU087     ACBP=68
 09B4:03F0 01D8 C=CODE   S=E87_PROG       G=(none)  M=E87TRAP    ACBP=68
 0A11:0000 0000 C=FAR_DATA S=_FARDATA       G=(none)  M=c0.ASM     ACBP=68
 0A11:0000 0000 C=FAR_BSS S=_FARBSS        G=(none)  M=c0.ASM     ACBP=68
 0A11:0000 0000 C=OVRINFO S=_OVERLAY_      G=(none)  M=c0.ASM     ACBP=68
 0A11:0000 0000 C=STUBSEG S=_1STUB_        G=(none)  M=c0.ASM     ACBP=68
 0A11:0000 0093 C=DATA   S=_DATA          G=DGROUP  M=c0.ASM     ACBP=68
 0A11:0094 056B C=DATA   S=_DATA          G=DGROUP  M=test.c     ACBP=48
 0A11:0600 0000 C=DATA   S=_DATA          G=DGROUP  M=\UCOS-II\Ix86L\BC31\OS_CPU_A.ASM ACBP=48
 0A11:0600 0000 C=DATA   S=_DATA          G=DGROUP  M=os_cpu_c.c ACBP=48
 0A11:0600 001F C=DATA   S=_DATA          G=DGROUP  M=pc.c       ACBP=48
 0A11:0620 0108 C=DATA   S=_DATA          G=DGROUP  M=ucos_ii.c  ACBP=48
 0A11:0730 0002 C=DATA   S=_DATA          G=DGROUP  M=FPINIT     ACBP=68
 0A11:0740 0000 C=DATA   S=_DATA          G=DGROUP  M=E87TRAP    ACBP=68
 0A11:0740 0003 C=DATA   S=_DATA          G=DGROUP  M=PROTFLAG   ACBP=48
 0A11:0744 0002 C=DATA   S=_DATA          G=DGROUP  M=DEFLT87    ACBP=48
 0A11:0746 0000 C=DATA   S=_DATA          G=DGROUP  M=REALCVT    ACBP=48
 0A11:0746 0000 C=DATA   S=_DATA          G=DGROUP  M=XCVT       ACBP=48
 0A11:0746 009A C=DATA   S=_DATA          G=DGROUP  M=FPERR      ACBP=48
 0A11:07E0 0080 C=DATA   S=_DATA          G=DGROUP  M=_POW10     ACBP=48
 0A11:0860 0000 C=DATA   S=_DATA          G=DGROUP  M=POW10D     ACBP=48
 0A11:0860 0002 C=DATA   S=_DATA          G=DGROUP  M=ATEXIT     ACBP=48
 0A11:0862 000C C=DATA   S=_DATA          G=DGROUP  M=EXIT       ACBP=48
 0A11:086E 0190 C=DATA   S=_DATA          G=DGROUP  M=FILES      ACBP=48
 0A11:09FE 002A C=DATA   S=_DATA          G=DGROUP  M=FILES2     ACBP=48
 0A11:0A28 0002 C=DATA   S=_DATA          G=DGROUP  M=FPSTKLEN   ACBP=48
 0A11:0A2A 0000 C=DATA   S=_DATA          G=DGROUP  M=F_LXMUL    ACBP=48
 0A11:0A2A 0000 C=DATA   S=_DATA          G=DGROUP  M=GETDATE    ACBP=48
 0A11:0A2A 0000 C=DATA   S=_DATA          G=DGROUP  M=H_LDIV     ACBP=48
 0A11:0A2A 0000 C=DATA   S=_DATA          G=DGROUP  M=H_LLSH     ACBP=48
 0A11:0A2A 0000 C=DATA   S=_DATA          G=DGROUP  M=H_LURSH    ACBP=48
 0A11:0A2A 0000 C=DATA   S=_DATA          G=DGROUP  M=H_PADD     ACBP=48
 0A11:0A2A 005B C=DATA   S=_DATA          G=DGROUP  M=IOERROR    ACBP=48
 0A11:0A86 0000 C=DATA   S=_DATA          G=DGROUP  M=ISATTY     ACBP=48
 0A11:0A86 0000 C=DATA   S=_DATA          G=DGROUP  M=LONGTOA    ACBP=48
 0A11:0A86 0000 C=DATA   S=_DATA          G=DGROUP  M=LSEEK      ACBP=48
 0A11:0A86 0000 C=DATA   S=_DATA          G=DGROUP  M=N_PCMP     ACBP=48
 0A11:0A86 0000 C=DATA   S=_DATA          G=DGROUP  M=SETUPIO    ACBP=48
 0A11:0A86 0000 C=DATA   S=_DATA          G=DGROUP  M=SIGDATA    ACBP=48
 0A11:0A86 0002 C=DATA   S=_DATA          G=DGROUP  M=STKLEN     ACBP=48
 0A11:0A88 0067 C=DATA   S=_DATA          G=DGROUP  M=VPRINTER   ACBP=48
 0A11:0AF0 0000 C=DATA   S=_DATA          G=DGROUP  M=VRAM       ACBP=48
 0A11:0AF0 0002 C=DATA   S=_DATA          G=DGROUP  M=WSCROLL    ACBP=48
 0A11:0AF2 0000 C=DATA   S=_DATA          G=DGROUP  M=CPRINTF    ACBP=48
 0A11:0AF2 0018 C=DATA   S=_DATA          G=DGROUP  M=CRTINIT    ACBP=48
 0A11:0B0A 0031 C=DATA   S=_DATA          G=DGROUP  M=CVTFAK     ACBP=48
 0A11:0B3C 0000 C=DATA   S=_DATA          G=DGROUP  M=FARHEAP    ACBP=48
 0A11:0B3C 0002 C=DATA   S=_DATA          G=DGROUP  M=FBRK       ACBP=48
 0A11:0B3E 0000 C=DATA   S=_DATA          G=DGROUP  M=GETCH      ACBP=48
 0A11:0B3E 0000 C=DATA   S=_DATA          G=DGROUP  M=GPTEXT     ACBP=48
 0A11:0B3E 0002 C=DATA   S=_DATA          G=DGROUP  M=KBHIT      ACBP=48
 0A11:0B40 0000 C=DATA   S=_DATA          G=DGROUP  M=MOVETEXT   ACBP=48
 0A11:0B40 0000 C=DATA   S=_DATA          G=DGROUP  M=PUTCH      ACBP=48
 0A11:0B40 0000 C=DATA   S=_DATA          G=DGROUP  M=REALCVT    ACBP=48
 0A11:0B40 0000 C=DATA   S=_DATA          G=DGROUP  M=SCREEN     ACBP=48
 0A11:0B40 0000 C=DATA   S=_DATA          G=DGROUP  M=SCROLL     ACBP=48
 0A11:0B40 0000 C=DATA   S=_DATA          G=DGROUP  M=SETBLOCK   ACBP=48
 0A11:0B40 0000 C=DATA   S=_DATA          G=DGROUP  M=SETJMP     ACBP=48
 0A11:0B40 0000 C=DATA   S=_DATA          G=DGROUP  M=WHEREXY    ACBP=48
 0A11:0B40 0000 C=DATA   S=_DATA          G=DGROUP  M=FFLUSH     ACBP=48
 0A11:0B40 0000 C=DATA   S=_DATA          G=DGROUP  M=FLUSHALL   ACBP=48
 0A11:0B40 0000 C=DATA   S=_DATA          G=DGROUP  M=FPRINTF    ACBP=48
 0A11:0B40 0000 C=DATA   S=_DATA          G=DGROUP  M=FSEEK      ACBP=48
 0A11:0B40 0000 C=DATA   S=_DATA          G=DGROUP  M=MEMCPY     ACBP=48
 0A11:0B40 0001 C=DATA   S=_DATA          G=DGROUP  M=PUTC       ACBP=48
 0A11:0B42 0004 C=DATA   S=_DATA          G=DGROUP  M=SETVBUF    ACBP=48
 0A11:0B46 0000 C=DATA   S=_DATA          G=DGROUP  M=SPRINTF    ACBP=48
 0A11:0B46 0000 C=DATA   S=_DATA          G=DGROUP  M=WRITE      ACBP=48
 0A11:0B46 0000 C=DATA   S=_DATA          G=DGROUP  M=WRITEA     ACBP=48
 0A11:0B46 0000 C=DATA   S=_DATA          G=DGROUP  M=XFFLUSH    ACBP=48
 0A11:0B46 0000 C=DATA   S=_CVTSEG        G=DGROUP  M=c0.ASM     ACBP=48
 0A11:0B46 0002 C=DATA   S=_CVTSEG        G=DGROUP  M=REALCVT    ACBP=48
 0A11:0B48 0002 C=DATA   S=_CVTSEG        G=DGROUP  M=CVTFAK     ACBP=48
 0A11:0B4A 0000 C=DATA   S=_CVTSEG        G=DGROUP  M=REALCVT    ACBP=48
 0A11:0B4A 0000 C=DATA   S=_SCNSEG        G=DGROUP  M=c0.ASM     ACBP=48
 0A11:0B4A 0006 C=DATA   S=_SCNSEG        G=DGROUP  M=CVTFAK     ACBP=48
 0A11:0B50 0000 C=CONST  S=_CONST         G=DGROUP  M=c0.ASM     ACBP=48
 0A11:0B50 0000 C=INITDATA S=_INIT_         G=DGROUP  M=c0.ASM     ACBP=48
 0A11:0B50 0006 C=INITDATA S=_INIT_         G=DGROUP  M=FPINIT     ACBP=48
 0A11:0B56 0006 C=INITDATA S=_INIT_         G=DGROUP  M=SETUPIO    ACBP=48
 0A11:0B5C 0006 C=INITDATA S=_INIT_         G=DGROUP  M=CRTINIT    ACBP=48
 0A11:0B62 0000 C=INITDATA S=_INITEND_      G=DGROUP  M=c0.ASM     ACBP=28
 0A11:0B62 0000 C=EXITDATA S=_EXIT_         G=DGROUP  M=c0.ASM     ACBP=48
 0A11:0B62 0006 C=EXITDATA S=_EXIT_         G=DGROUP  M=FPINIT     ACBP=48
 0A11:0B68 0000 C=EXITDATA S=_EXITEND_      G=DGROUP  M=c0.ASM     ACBP=28
 0A11:0B68 0000 C=BSS    S=_BSS           G=DGROUP  M=c0.ASM     ACBP=48
 0A11:0B68 1C08 C=BSS    S=_BSS           G=DGROUP  M=test.c     ACBP=48
 0A11:2770 0001 C=BSS    S=_BSS           G=DGROUP  M=os_cpu_c.c ACBP=48
 0A11:2772 001B C=BSS    S=_BSS           G=DGROUP  M=pc.c       ACBP=48
 0A11:278E 18B4 C=BSS    S=_BSS           G=DGROUP  M=ucos_ii.c  ACBP=48
 0A11:4042 0000 C=BSS    S=_BSS           G=DGROUP  M=REALCVT    ACBP=48
 0A11:4042 0000 C=BSS    S=_BSS           G=DGROUP  M=XCVT       ACBP=48
 0A11:4042 0000 C=BSS    S=_BSS           G=DGROUP  M=_POW10     ACBP=48
 0A11:4042 0080 C=BSS    S=_BSS           G=DGROUP  M=ATEXIT     ACBP=48
 0A11:40C2 0000 C=BSS    S=_BSS           G=DGROUP  M=IOERROR    ACBP=48
 0A11:40C2 0000 C=BSS    S=_BSS           G=DGROUP  M=ISATTY     ACBP=48
 0A11:40C2 0000 C=BSS    S=_BSS           G=DGROUP  M=LONGTOA    ACBP=48
 0A11:40C2 0000 C=BSS    S=_BSS           G=DGROUP  M=LSEEK      ACBP=48
 0A11:40C2 0000 C=BSS    S=_BSS           G=DGROUP  M=SETUPIO    ACBP=48
 0A11:40C2 0004 C=BSS    S=_BSS           G=DGROUP  M=SIGDATA    ACBP=48
 0A11:40C6 0000 C=BSS    S=_BSS           G=DGROUP  M=VPRINTER   ACBP=48
 0A11:40C6 0000 C=BSS    S=_BSS           G=DGROUP  M=VRAM       ACBP=48
 0A11:40C6 0000 C=BSS    S=_BSS           G=DGROUP  M=CRTINIT    ACBP=48
 0A11:40C6 0000 C=BSS    S=_BSS           G=DGROUP  M=GETCH      ACBP=48
 0A11:40C6 0000 C=BSS    S=_BSS           G=DGROUP  M=KBHIT      ACBP=48
 0A11:40C6 0000 C=BSS    S=_BSS           G=DGROUP  M=SETBLOCK   ACBP=48
 0A11:40C6 0000 C=BSS    S=_BSS           G=DGROUP  M=SETJMP     ACBP=48
 0A11:40C6 0000 C=BSS    S=_BSS           G=DGROUP  M=MEMCPY     ACBP=48
 0A11:40C6 0001 C=BSS    S=_BSS           G=DGROUP  M=PUTC       ACBP=48
 0A11:40C8 0000 C=BSS    S=_BSS           G=DGROUP  M=WRITEA     ACBP=48
 0A11:40C8 0000 C=BSSEND S=_BSSEND        G=DGROUP  M=c0.ASM     ACBP=28
 0E1E:0000 0110 C=STACK  S=_STACK         G=(none)  M=c0.ASM     ACBP=74
 0E1E:0000 0080 C=STACK  S=_STACK         G=(none)  M=EMUVARS    ACBP=78

  Address         Publics by Name

 0A11:0000 idle  DATASEG@
 0000:0291 idle  DGROUP@
 073C:2152       e086_Entry
 073C:26E0       e086_Shortcut
 09B4:0306       e087_Entry
 09B4:03C6       e087_Shortcut
 09B4:0430       e087_Trap
 0000:FE32 idle  FIARQQ
 0000:0E32 idle  FICRQQ
 0000:5C32  Abs  FIDRQQ
 0000:1632  Abs  FIERQQ
 0000:0632 idle  FISRQQ
 0000:A23D  Abs  FIWRQQ
 0000:4000 idle  FJARQQ
 0000:C000 idle  FJCRQQ
 0000:8000 idle  FJSRQQ
 0000:0B3B idle  F_LDIV@
 0000:0B4A idle  F_LMOD@
 0000:0B42       F_LUDIV@
 0000:0B52 idle  F_LUMOD@
 0000:0BE9       F_LXLSH@
 0000:0AFB       F_LXMUL@
 0000:0C0A       F_LXURSH@
 0000:0C2B idle  F_PADD@
 0000:0C5A idle  F_PSUB@
 0000:0B3B idle  LDIV@
 0000:0B4A idle  LMOD@
 0000:0B42 idle  LUDIV@
 0000:0B52 idle  LUMOD@
 0000:0BE9 idle  LXLSH@
 0000:0AFB idle  LXMUL@
 0000:0C0A idle  LXURSH@
 0000:0B38 idle  N_LDIV@
 0000:0B47 idle  N_LMOD@
 0000:0B3F idle  N_LUDIV@
 0000:0B4F idle  N_LUMOD@
 0000:0BE6       N_LXLSH@
 0000:0C07 idle  N_LXURSH@
 0000:0C28       N_PADD@
 0000:0DAF       N_PCMP@
 0000:0C57 idle  N_PSUB@
 0000:0C2B idle  PADD@
 0000:0C5A idle  PSUB@
 0000:027A       _abort
 0A11:0B6C idle  _AckMbox
 0000:0A3B idle  _atexit
 0000:1536 idle  _cprintf
 0A11:0B01       _directvideo
 0A11:007F       _errno
 0000:0AC0       _exit
 0000:1856 idle  _farfree
 0000:196A idle  _farmalloc
 0000:1ACE idle  _farrealloc
 0000:2263       _fflush
 0000:2330       _flushall
 0000:2372       _fprintf
 0000:25B0 idle  _fputc
 0000:2745 idle  _fputchar
 0000:1856       _free
 0000:2410       _fseek
 0000:2490 idle  _ftell
 0000:1C88       _getch
 0000:1CA4 idle  _getche
 0000:0B12       _getdate
 0000:1CE6       _gettext
 0000:0B25       _gettime
 0000:0CD3       _isatty
 0000:1D92       _kbhit
 0000:2203       _longjmp
 0000:0D86       _lseek
 02CC:0001       _main
 0000:1960       _malloc
 0000:2570       _memcpy
 0000:1DA4       _movetext
 0A11:3F72       _OSCPUUsage
 0345:0026       _OSCtxSw
 0A11:403E       _OSCtxSwCtr
 0A11:403A idle  _OSEventFreeList
 0A11:3F9A idle  _OSEventTbl
 03A8:08DF idle  _OSFlagAccept
 03A8:0A11 idle  _OSFlagCreate
 03A8:0A89 idle  _OSFlagDel
 0A11:3F73 idle  _OSFlagFreeList
 03A8:0BCB idle  _OSFlagPend
 03A8:0E25 idle  _OSFlagPost
 03A8:0FC5 idle  _OSFlagQuery
 0A11:3F77 idle  _OSFlagTbl
 0A11:3B55 idle  _OSIdleCtr
 0A11:3F6E idle  _OSIdleCtrMax
 0A11:3F6A idle  _OSIdleCtrRun
 03A8:0001       _OSInit
 0352:000E       _OSInitHookBegin
 0352:000F       _OSInitHookEnd
 0345:0061       _OSIntCtxSw
 03A8:0039 idle  _OSIntEnter
 03A8:004C       _OSIntExit
 0A11:3B67 idle  _OSIntExitY
 0A11:3B68       _OSIntNesting
 0A11:3B66 idle  _OSLockNesting
 0A11:0620 idle  _OSMapTbl
 03A8:1255 idle  _OSMboxAccept
 03A8:12A0       _OSMboxCreate
 03A8:1315 idle  _OSMboxDel
 03A8:1433       _OSMboxPend
 03A8:1535       _OSMboxPost
 03A8:15AD idle  _OSMboxPostOpt
 03A8:1650 idle  _OSMboxQuery
 03A8:1744 idle  _OSMemCreate
 0A11:294E idle  _OSMemFreeList
 03A8:188F idle  _OSMemGet
 03A8:190D idle  _OSMemPut
 03A8:197D idle  _OSMemQuery
 0A11:2886 idle  _OSMemTbl
 03A8:1ACA idle  _OSMutexAccept
 03A8:1B55 idle  _OSMutexCreate
 03A8:1C3B idle  _OSMutexDel
 03A8:1D95 idle  _OSMutexPend
 03A8:1F80 idle  _OSMutexPost
 03A8:2108 idle  _OSMutexQuery
 0A11:3B65       _OSPrioCur
 0A11:3B64       _OSPrioHighRdy
 03A8:2223 idle  _OSQAccept
 03A8:22C3 idle  _OSQCreate
 03A8:23E6 idle  _OSQDel
 03A8:2563 idle  _OSQFlush
 0A11:2882 idle  _OSQFreeList
 03A8:25BB idle  _OSQPend
 03A8:2701 idle  _OSQPost
 03A8:27C9 idle  _OSQPostFront
 03A8:288B idle  _OSQPostOpt
 03A8:29C9 idle  _OSQQuery
 0A11:2792 idle  _OSQTbl
 0A11:3B63 idle  _OSRdyGrp
 0A11:3B5B idle  _OSRdyTbl
 0A11:3B5A       _OSRunning
 03A8:00C7 idle  _OSSchedLock
 03A8:00DD idle  _OSSchedUnlock
 03A8:2B54 idle  _OSSemAccept
 03A8:2B86 idle  _OSSemCreate
 03A8:2BFA idle  _OSSemDel
 03A8:2D18 idle  _OSSemPend
 03A8:2DC8 idle  _OSSemPost
 03A8:2E22 idle  _OSSemQuery
 03A8:010A       _OSStart
 0345:0008       _OSStartHighRdy
 03A8:0169       _OSStatInit
 0A11:3F69 idle  _OSStatRdy
 03A8:2F0E idle  _OSTaskChangePrio
 03A8:30DA idle  _OSTaskCreate
 03A8:3197       _OSTaskCreateExt
 0352:0010       _OSTaskCreateHook
 0A11:3B59       _OSTaskCtr
 03A8:3287 idle  _OSTaskDel
 0352:0015       _OSTaskDelHook
 03A8:3466 idle  _OSTaskDelReq
 0352:001A       _OSTaskIdleHook
 0A11:3755 idle  _OSTaskIdleStk
 03A8:36E4 idle  _OSTaskQuery
 03A8:34D2 idle  _OSTaskResume
 0352:001B       _OSTaskStatHook
 0A11:3B69 idle  _OSTaskStatStk
 03A8:3551       _OSTaskStkChk
 0352:001C       _OSTaskStkInit
 0352:0102       _OSTaskStkInit_FPE_x86
 03A8:3636 idle  _OSTaskSuspend
 0352:01DD       _OSTaskSwHook
 0A11:3751       _OSTCBCur
 0A11:374D idle  _OSTCBFreeList
 0A11:3749       _OSTCBHighRdy
 0352:01DE       _OSTCBInitHook
 0A11:3745 idle  _OSTCBList
 0A11:3645 idle  _OSTCBPrioTbl
 0A11:2952 idle  _OSTCBTbl
 0A11:2770       _OSTickDOSCtr
 0345:008E       _OSTickISR
 0A11:278E idle  _OSTime
 03A8:3752       _OSTimeDly
 03A8:3799       _OSTimeDlyHMSM
 03A8:3888 idle  _OSTimeDlyResume
 03A8:3900 idle  _OSTimeGet
 03A8:391F idle  _OSTimeSet
 03A8:01A4       _OSTimeTick
 0352:01E3       _OSTimeTickHook
 0A11:0628 idle  _OSUnMapTbl
 03A8:0232       _OSVersion
 03A8:0236 idle  _OS_Dummy
 03A8:0237 idle  _OS_EventTaskRdy
 03A8:0301 idle  _OS_EventTaskWait
 03A8:036E idle  _OS_EventTO
 03A8:03C2 idle  _OS_EventWaitListInit
 03A8:10E7 idle  _OS_FlagInit
 03A8:11A6 idle  _OS_FlagUnlink
 03A8:1A26 idle  _OS_MemInit
 03A8:2B04 idle  _OS_QInit
 03A8:05F8 idle  _OS_Sched
 03A8:065B idle  _OS_TaskIdle
 03A8:0680 idle  _OS_TaskStat
 03A8:074C idle  _OS_TCBInit
 0370:0004       _PC_DispChar
 0370:0042 idle  _PC_DispClrCol
 0370:0088 idle  _PC_DispClrRow
 0370:00C1       _PC_DispClrScr
 0370:00F2       _PC_DispStr
 0370:0141       _PC_DOSReturn
 0370:0155       _PC_DOSSaveReturn
 0370:01C3       _PC_ElapsedInit
 0370:01D7       _PC_ElapsedStart
 0370:01FD       _PC_ElapsedStop
 0370:024E       _PC_GetDateTime
 0370:02A1       _PC_GetKey
 0370:02C8       _PC_SetTickRate
 0A11:2772 idle  _PC_TickISR
 0370:0315 idle  _PC_VectGet
 0370:034C       _PC_VectSet
 0000:0A30       _pow10
 0000:1E41       _putch
 0000:1D3C       _puttext
 0000:1AC7 idle  _realloc
 0000:21B1       _setblock
 0000:21CD       _setjmp
 0000:295C       _setvbuf
 0000:2AB9       _sprintf
 02CC:0524 idle  _Task1
 0A11:1B70 idle  _Task1Stk
 02CC:05C8 idle  _Task2
 0A11:1770 idle  _Task2Stk
 02CC:0637 idle  _Task3
 0A11:1370 idle  _Task3Stk
 02CC:06BB idle  _Task4
 0A11:0F70 idle  _Task4Stk
 02CC:0702 idle  _Task5
 0A11:0B70 idle  _Task5Stk
 02CC:0762 idle  _TaskClk
 0A11:1F70 idle  _TaskClkStk
 02CC:0097 idle  _TaskStart
 0A11:2370 idle  _TaskStartStk
 0A11:0B68 idle  _TxMbox
 0000:1CC8 idle  _ungetch
 0000:2ADB idle  _vsprintf
 0000:2241 idle  _wherex
 0000:2250 idle  _wherey
 0A11:0730       __8087
 0000:1000 idle  __AHINCR
 0000:000C idle  __AHSHIFT
 0A11:0860       __atexitcnt
 0A11:4042       __atexittbl
 0000:1BBE       __brk
 0A11:008B       __brklvl
 0A11:006B idle  __C0argc
 0A11:006D idle  __C0argv
 0000:1618 idle  __c0crtinit
 0A11:0071 idle  __C0environ
 0A11:0B3F       __cChar
 0000:0AE1 idle  __cexit
 0A11:0B3E       __cFlag
 0000:016A       __checknull
 0000:0157       __cleanup
 0000:1404       __CPUTN
 0000:1635 idle  __crtinit
 0000:0000  Abs  __cvtfak
 0000:0AEF idle  __c_exit
 0A11:0744       __default87
 0A11:0A2A idle  __doserrno
 0000:0CC1 idle  __DOSERROR
 0A11:0A2C idle  __dosErrorToSV
 0E1E:0000       __emu
 0A11:0075 idle  __envLng
 0A11:0077 idle  __envseg
 0A11:0079 idle  __envSize
 0000:0ACF       __exit
 0A11:0862       __exitbuf
 0A11:0866 idle  __exitfopen
 0A11:086A idle  __exitopen
 0000:08B6       __fperror
 0A11:0A28       __fpstklen
 0000:04E9       __fpuint
 0000:2594 idle  __fputc
 0000:2759       __FPUTN
 0A11:0087       __heapbase
 0A11:008F       __heaptop
 0A11:005B idle  __Int0Vector
 0A11:005F idle  __Int4Vector
 0A11:0063 idle  __Int5Vector
 0A11:0067 idle  __Int6Vector
 0000:0C88       __IOERROR
 0A11:0741       __LDT
 0000:0CE4       __LONGTOA
 0000:0293 idle  __MMODEL
 0A11:09FE       __nfile
 0000:1CA1 idle  __Ngetche
 0000:1CC5 idle  __Nungetch
 0A11:0A00       __openfd
 0A11:007D idle  __osmajor
 0A11:007E idle  __osminor
 0A11:007D idle  __osversion
 0000:0967       __POW10
 0A11:0740       __protected
 0A11:007B       __psp
 0000:1E58       __REALCVT
 0A11:0B46       __RealCvtVector
 0000:01C0       __restorezero
 0000:1BFD       __sbrk
 0A11:0B4A idle  __ScanTodVector
 0000:1F92       __SCREENIO
 0000:2045       __SCROLL
 0000:0DD0       __setupio
 0A11:0081 idle  __StartTime
 0A11:0A86       __stklen
 0A11:086E       __streams
 0000:016B       __terminate
 0000:0000 idle  __turboCrt
 0000:0000  Abs  __turboCvt
 0000:0D66 idle  __UTOA
 0000:1FCE       __VALIDATEXY
 0A11:007D       __version
 0A11:0AF2       __video
 0000:158D       __VideoInt
 0000:0EA2       __VPRINTER
 0000:1365       __VPTR
 0000:138A       __VRAM
 0000:2237       __wherexy
 0000:2C4D       __write
 0A11:0AF0       __wscroll
 0000:06AA       __XCVT
 0000:2C89       __xfflush
 0A11:0085 idle  ___brklvl
 0000:1716 idle  ___first
 0000:0402 idle  ___fpreset
 0000:1718 idle  ___last
 0000:171A idle  ___rover
 0A11:40C2       ___SignalPtr
 0000:2AFC       ___write

  Address         Publics by Value

 0000:0000  Abs  __turboCvt
 0000:0000 idle  __turboCrt
 0000:0000  Abs  __cvtfak
 0000:000C idle  __AHSHIFT
 0000:0157       __cleanup
 0000:016A       __checknull
 0000:016B       __terminate
 0000:01C0       __restorezero
 0000:027A       _abort
 0000:0291 idle  DGROUP@
 0000:0293 idle  __MMODEL
 0000:0402 idle  ___fpreset
 0000:04E9       __fpuint
 0000:0632 idle  FISRQQ
 0000:06AA       __XCVT
 0000:08B6       __fperror
 0000:0967       __POW10
 0000:0A30       _pow10
 0000:0A3B idle  _atexit
 0000:0AC0       _exit
 0000:0ACF       __exit
 0000:0AE1 idle  __cexit
 0000:0AEF idle  __c_exit
 0000:0AFB       F_LXMUL@
 0000:0AFB idle  LXMUL@
 0000:0B12       _getdate
 0000:0B25       _gettime
 0000:0B38 idle  N_LDIV@
 0000:0B3B idle  LDIV@
 0000:0B3B idle  F_LDIV@
 0000:0B3F idle  N_LUDIV@
 0000:0B42       F_LUDIV@
 0000:0B42 idle  LUDIV@
 0000:0B47 idle  N_LMOD@
 0000:0B4A idle  F_LMOD@
 0000:0B4A idle  LMOD@
 0000:0B4F idle  N_LUMOD@
 0000:0B52 idle  LUMOD@
 0000:0B52 idle  F_LUMOD@
 0000:0BE6       N_LXLSH@
 0000:0BE9       F_LXLSH@
 0000:0BE9 idle  LXLSH@
 0000:0C07 idle  N_LXURSH@
 0000:0C0A       F_LXURSH@
 0000:0C0A idle  LXURSH@
 0000:0C28       N_PADD@
 0000:0C2B idle  F_PADD@
 0000:0C2B idle  PADD@
 0000:0C57 idle  N_PSUB@
 0000:0C5A idle  F_PSUB@
 0000:0C5A idle  PSUB@
 0000:0C88       __IOERROR
 0000:0CC1 idle  __DOSERROR
 0000:0CD3       _isatty
 0000:0CE4       __LONGTOA
 0000:0D66 idle  __UTOA
 0000:0D86       _lseek
 0000:0DAF       N_PCMP@
 0000:0DD0       __setupio
 0000:0E32 idle  FICRQQ
 0000:0EA2       __VPRINTER
 0000:1000 idle  __AHINCR
 0000:1365       __VPTR
 0000:138A       __VRAM
 0000:1404       __CPUTN
 0000:1536 idle  _cprintf
 0000:158D       __VideoInt
 0000:1618 idle  __c0crtinit
 0000:1632  Abs  FIERQQ
 0000:1635 idle  __crtinit
 0000:1716 idle  ___first
 0000:1718 idle  ___last
 0000:171A idle  ___rover
 0000:1856       _free
 0000:1856 idle  _farfree
 0000:1960       _malloc
 0000:196A idle  _farmalloc
 0000:1AC7 idle  _realloc
 0000:1ACE idle  _farrealloc
 0000:1BBE       __brk
 0000:1BFD       __sbrk
 0000:1C88       _getch
 0000:1CA1 idle  __Ngetche
 0000:1CA4 idle  _getche
 0000:1CC5 idle  __Nungetch
 0000:1CC8 idle  _ungetch
 0000:1CE6       _gettext
 0000:1D3C       _puttext
 0000:1D92       _kbhit
 0000:1DA4       _movetext
 0000:1E41       _putch
 0000:1E58       __REALCVT
 0000:1F92       __SCREENIO
 0000:1FCE       __VALIDATEXY
 0000:2045       __SCROLL
 0000:21B1       _setblock
 0000:21CD       _setjmp
 0000:2203       _longjmp
 0000:2237       __wherexy
 0000:2241 idle  _wherex
 0000:2250 idle  _wherey
 0000:2263       _fflush
 0000:2330       _flushall
 0000:2372       _fprintf
 0000:2410       _fseek
 0000:2490 idle  _ftell
 0000:2570       _memcpy
 0000:2594 idle  __fputc
 0000:25B0 idle  _fputc
 0000:2745 idle  _fputchar
 0000:2759       __FPUTN
 0000:295C       _setvbuf
 0000:2AB9       _sprintf
 0000:2ADB idle  _vsprintf
 0000:2AFC       ___write
 0000:2C4D       __write
 0000:2C89       __xfflush
 0000:4000 idle  FJARQQ
 0000:5C32  Abs  FIDRQQ
 0000:8000 idle  FJSRQQ
 0000:A23D  Abs  FIWRQQ
 0000:C000 idle  FJCRQQ
 0000:FE32 idle  FIARQQ
 02CC:0001       _main
 02CC:0097 idle  _TaskStart
 02CC:0524 idle  _Task1
 02CC:05C8 idle  _Task2
 02CC:0637 idle  _Task3
 02CC:06BB idle  _Task4
 02CC:0702 idle  _Task5
 02CC:0762 idle  _TaskClk
 0345:0008       _OSStartHighRdy
 0345:0026       _OSCtxSw
 0345:0061       _OSIntCtxSw
 0345:008E       _OSTickISR
 0352:000E       _OSInitHookBegin
 0352:000F       _OSInitHookEnd
 0352:0010       _OSTaskCreateHook
 0352:0015       _OSTaskDelHook
 0352:001A       _OSTaskIdleHook
 0352:001B       _OSTaskStatHook
 0352:001C       _OSTaskStkInit
 0352:0102       _OSTaskStkInit_FPE_x86
 0352:01DD       _OSTaskSwHook
 0352:01DE       _OSTCBInitHook
 0352:01E3       _OSTimeTickHook
 0370:0004       _PC_DispChar
 0370:0042 idle  _PC_DispClrCol
 0370:0088 idle  _PC_DispClrRow
 0370:00C1       _PC_DispClrScr
 0370:00F2       _PC_DispStr
 0370:0141       _PC_DOSReturn
 0370:0155       _PC_DOSSaveReturn
 0370:01C3       _PC_ElapsedInit
 0370:01D7       _PC_ElapsedStart
 0370:01FD       _PC_ElapsedStop
 0370:024E       _PC_GetDateTime
 0370:02A1       _PC_GetKey
 0370:02C8       _PC_SetTickRate
 0370:0315 idle  _PC_VectGet
 0370:034C       _PC_VectSet
 03A8:0001       _OSInit
 03A8:0039 idle  _OSIntEnter
 03A8:004C       _OSIntExit
 03A8:00C7 idle  _OSSchedLock
 03A8:00DD idle  _OSSchedUnlock
 03A8:010A       _OSStart
 03A8:0169       _OSStatInit
 03A8:01A4       _OSTimeTick
 03A8:0232       _OSVersion
 03A8:0236 idle  _OS_Dummy
 03A8:0237 idle  _OS_EventTaskRdy
 03A8:0301 idle  _OS_EventTaskWait
 03A8:036E idle  _OS_EventTO
 03A8:03C2 idle  _OS_EventWaitListInit
 03A8:05F8 idle  _OS_Sched
 03A8:065B idle  _OS_TaskIdle
 03A8:0680 idle  _OS_TaskStat
 03A8:074C idle  _OS_TCBInit
 03A8:08DF idle  _OSFlagAccept
 03A8:0A11 idle  _OSFlagCreate
 03A8:0A89 idle  _OSFlagDel
 03A8:0BCB idle  _OSFlagPend
 03A8:0E25 idle  _OSFlagPost
 03A8:0FC5 idle  _OSFlagQuery
 03A8:10E7 idle  _OS_FlagInit
 03A8:11A6 idle  _OS_FlagUnlink
 03A8:1255 idle  _OSMboxAccept
 03A8:12A0       _OSMboxCreate
 03A8:1315 idle  _OSMboxDel
 03A8:1433       _OSMboxPend
 03A8:1535       _OSMboxPost
 03A8:15AD idle  _OSMboxPostOpt
 03A8:1650 idle  _OSMboxQuery
 03A8:1744 idle  _OSMemCreate
 03A8:188F idle  _OSMemGet
 03A8:190D idle  _OSMemPut
 03A8:197D idle  _OSMemQuery
 03A8:1A26 idle  _OS_MemInit
 03A8:1ACA idle  _OSMutexAccept
 03A8:1B55 idle  _OSMutexCreate
 03A8:1C3B idle  _OSMutexDel
 03A8:1D95 idle  _OSMutexPend
 03A8:1F80 idle  _OSMutexPost
 03A8:2108 idle  _OSMutexQuery
 03A8:2223 idle  _OSQAccept
 03A8:22C3 idle  _OSQCreate
 03A8:23E6 idle  _OSQDel
 03A8:2563 idle  _OSQFlush
 03A8:25BB idle  _OSQPend
 03A8:2701 idle  _OSQPost
 03A8:27C9 idle  _OSQPostFront
 03A8:288B idle  _OSQPostOpt
 03A8:29C9 idle  _OSQQuery
 03A8:2B04 idle  _OS_QInit
 03A8:2B54 idle  _OSSemAccept
 03A8:2B86 idle  _OSSemCreate
 03A8:2BFA idle  _OSSemDel
 03A8:2D18 idle  _OSSemPend
 03A8:2DC8 idle  _OSSemPost
 03A8:2E22 idle  _OSSemQuery
 03A8:2F0E idle  _OSTaskChangePrio
 03A8:30DA idle  _OSTaskCreate
 03A8:3197       _OSTaskCreateExt
 03A8:3287 idle  _OSTaskDel
 03A8:3466 idle  _OSTaskDelReq
 03A8:34D2 idle  _OSTaskResume
 03A8:3551       _OSTaskStkChk
 03A8:3636 idle  _OSTaskSuspend
 03A8:36E4 idle  _OSTaskQuery
 03A8:3752       _OSTimeDly
 03A8:3799       _OSTimeDlyHMSM
 03A8:3888 idle  _OSTimeDlyResume
 03A8:3900 idle  _OSTimeGet
 03A8:391F idle  _OSTimeSet
 073C:2152       e086_Entry
 073C:26E0       e086_Shortcut
 09B4:0306       e087_Entry
 09B4:03C6       e087_Shortcut
 09B4:0430       e087_Trap
 0A11:0000 idle  DATASEG@
 0A11:005B idle  __Int0Vector
 0A11:005F idle  __Int4Vector
 0A11:0063 idle  __Int5Vector
 0A11:0067 idle  __Int6Vector
 0A11:006B idle  __C0argc
 0A11:006D idle  __C0argv
 0A11:0071 idle  __C0environ
 0A11:0075 idle  __envLng
 0A11:0077 idle  __envseg
 0A11:0079 idle  __envSize
 0A11:007B       __psp
 0A11:007D idle  __osversion
 0A11:007D idle  __osmajor
 0A11:007D       __version
 0A11:007E idle  __osminor
 0A11:007F       _errno
 0A11:0081 idle  __StartTime
 0A11:0085 idle  ___brklvl
 0A11:0087       __heapbase
 0A11:008B       __brklvl
 0A11:008F       __heaptop
 0A11:0620 idle  _OSMapTbl
 0A11:0628 idle  _OSUnMapTbl
 0A11:0730       __8087
 0A11:0740       __protected
 0A11:0741       __LDT
 0A11:0744       __default87
 0A11:0860       __atexitcnt
 0A11:0862       __exitbuf
 0A11:0866 idle  __exitfopen
 0A11:086A idle  __exitopen
 0A11:086E       __streams
 0A11:09FE       __nfile
 0A11:0A00       __openfd
 0A11:0A28       __fpstklen
 0A11:0A2A idle  __doserrno
 0A11:0A2C idle  __dosErrorToSV
 0A11:0A86       __stklen
 0A11:0AF0       __wscroll
 0A11:0AF2       __video
 0A11:0B01       _directvideo
 0A11:0B3E       __cFlag
 0A11:0B3F       __cChar
 0A11:0B46       __RealCvtVector
 0A11:0B4A idle  __ScanTodVector
 0A11:0B68 idle  _TxMbox
 0A11:0B6C idle  _AckMbox
 0A11:0B70 idle  _Task5Stk
 0A11:0F70 idle  _Task4Stk
 0A11:1370 idle  _Task3Stk
 0A11:1770 idle  _Task2Stk
 0A11:1B70 idle  _Task1Stk
 0A11:1F70 idle  _TaskClkStk
 0A11:2370 idle  _TaskStartStk
 0A11:2770       _OSTickDOSCtr
 0A11:2772 idle  _PC_TickISR
 0A11:278E idle  _OSTime
 0A11:2792 idle  _OSQTbl
 0A11:2882 idle  _OSQFreeList
 0A11:2886 idle  _OSMemTbl
 0A11:294E idle  _OSMemFreeList
 0A11:2952 idle  _OSTCBTbl
 0A11:3645 idle  _OSTCBPrioTbl
 0A11:3745 idle  _OSTCBList
 0A11:3749       _OSTCBHighRdy
 0A11:374D idle  _OSTCBFreeList
 0A11:3751       _OSTCBCur
 0A11:3755 idle  _OSTaskIdleStk
 0A11:3B55 idle  _OSIdleCtr
 0A11:3B59       _OSTaskCtr
 0A11:3B5A       _OSRunning
 0A11:3B5B idle  _OSRdyTbl
 0A11:3B63 idle  _OSRdyGrp
 0A11:3B64       _OSPrioHighRdy
 0A11:3B65       _OSPrioCur
 0A11:3B66 idle  _OSLockNesting
 0A11:3B67 idle  _OSIntExitY
 0A11:3B68       _OSIntNesting
 0A11:3B69 idle  _OSTaskStatStk
 0A11:3F69 idle  _OSStatRdy
 0A11:3F6A idle  _OSIdleCtrRun
 0A11:3F6E idle  _OSIdleCtrMax
 0A11:3F72       _OSCPUUsage
 0A11:3F73 idle  _OSFlagFreeList
 0A11:3F77 idle  _OSFlagTbl
 0A11:3F9A idle  _OSEventTbl
 0A11:403A idle  _OSEventFreeList
 0A11:403E       _OSCtxSwCtr
 0A11:4042       __atexittbl
 0A11:40C2       ___SignalPtr
 0E1E:0000       __emu

Program entry point at 0000:0000

